"" =>
" " =>
" A" => "A"
"A " => "A"
"A B" => "A" "B"
"A B text	C" => "A" "B" "text" "C"
